// Jest Snapshot v1, https://goo.gl/fbAQLP

exports[`renders CoinDetails 1`] = `null`;
