// Jest Snapshot v1, https://goo.gl/fbAQLP

exports[`renders AllCoins 1`] = `"All Coins"`;
